// Vitest Snapshot v1, https://vitest.dev/guide/snapshot.html

exports[`E2E Compiler Pipeline > Compiler can do tco 1`] = `
"(module
 (type $0 (func (param i32 i32 i32) (result i32)))
 (memory $0 1 150)
 (export "buffer" (memory $0))
 (export "fib" (func $fib#15065))
 (func $fib#15065 (type $0) (param $0 i32) (param $1 i32) (param $2 i32) (result i32)
  (if (result i32)
   (local.get $0)
   (then
    (return_call $fib#15065
     (i32.sub
      (local.get $0)
      (i32.const 1)
     )
     (local.get $2)
     (i32.add
      (local.get $1)
      (local.get $2)
     )
    )
   )
   (else
    (local.get $1)
   )
  )
 )
)
"
`;
